// Jest Snapshot v1, https://goo.gl/fbAQLP

exports[`Expense Form snapshot 1`] = `
<form
  className="form-wrapper"
  data-testid="expense-form-test"
  name="expense-form"
  onReset={[Function]}
  onSubmit={[Function]}
>
  <div
    className="form-fields"
  >
    <div
      className="form-field"
    >
      <label
        className="form-field__label"
        htmlFor="email"
      >
        expenseForm.fromLabel
      </label>
      <div
        className="form-field__input"
      >
        <select
          data-testid="from-test"
          id="from"
          name="from"
          onChange={[Function]}
          value="Incomes"
        >
          <option
            value="Incomes"
          >
            Incomes
          </option>
          <option
            value="Salary"
          >
            Salary
          </option>
        </select>
      </div>
    </div>
    <div
      className="form-field"
    >
      <label
        className="form-field__label"
        htmlFor="expenseLabel"
      >
        expenseForm.expenseLabel
      </label>
      <div
        className="form-field__input"
      >
        <input
          data-testid="expenseLabel-test"
          id="expenseLabel"
          name="expenseLabel"
          onChange={[Function]}
          type="expenseLabel"
          value=""
        />
      </div>
    </div>
    <div
      className="form-field"
    >
      <label
        className="form-field__label"
        htmlFor="amount"
      >
        expenseForm.amountLabel
      </label>
      <div
        className="form-field__input"
      >
        <input
          data-testid="amount-test"
          id="amount"
          name="amount"
          onChange={[Function]}
          type="number"
          value=""
        />
      </div>
    </div>
  </div>
  <div
    className="form-submit"
  >
    <button
      data-testid="reset-button-test"
      type="reset"
    >
      expenseForm.resetButton
    </button>
    <button
      data-testid="submit-button-test"
      type="submit"
    >
      expenseForm.submitButton
    </button>
  </div>
</form>
`;

exports[`Expense Form snapshot test 1`] = `
<form
  className="form-wrapper"
  data-testid="expense-form-test"
  name="expense-form"
  onReset={[Function]}
  onSubmit={[Function]}
>
  <div
    className="form-fields"
  >
    <div
      className="form-field"
    >
      <label
        className="form-field__label"
        htmlFor="email"
      >
        expenseForm.fromLabel
      </label>
      <div
        className="form-field__input"
      >
        <select
          data-testid="from-test"
          id="from"
          name="from"
          onChange={[Function]}
          value="Incomes"
        >
          <option
            value="Incomes"
          >
            Incomes
          </option>
          <option
            value="Salary"
          >
            Salary
          </option>
        </select>
      </div>
    </div>
    <div
      className="form-field"
    >
      <label
        className="form-field__label"
        htmlFor="expenseLabel"
      >
        expenseForm.expenseLabel
      </label>
      <div
        className="form-field__input"
      >
        <input
          data-testid="expenseLabel-test"
          id="expenseLabel"
          name="expenseLabel"
          onChange={[Function]}
          type="expenseLabel"
          value=""
        />
      </div>
    </div>
    <div
      className="form-field"
    >
      <label
        className="form-field__label"
        htmlFor="amount"
      >
        expenseForm.amountLabel
      </label>
      <div
        className="form-field__input"
      >
        <input
          data-testid="amount-test"
          id="amount"
          name="amount"
          onChange={[Function]}
          type="number"
          value=""
        />
      </div>
    </div>
  </div>
  <div
    className="form-submit"
  >
    <button
      data-testid="reset-button-test"
      type="reset"
    >
      expenseForm.resetButton
    </button>
    <button
      data-testid="submit-button-test"
      type="submit"
    >
      expenseForm.submitButton
    </button>
  </div>
</form>
`;
